// Jest Snapshot v1, https://goo.gl/fbAQLP

exports[`Should render page correctly 1`] = `
<div>
  <div
    className="page-header"
  >
    <div
      className="content-container"
    >
      <h1
        className="page-header__title"
      >
        Edit Post
      </h1>
    </div>
  </div>
  <div
    className="content-container"
  >
    <Connect(PostForm)
      channel={2}
      nextStep="Save Changes"
      onSubmit={[Function]}
      post={
        Object {
          "channel": 2,
          "cost": 0,
          "deleted_flag": false,
          "email": "willisc92@hotmail.com",
          "phone_number": "4034010115",
          "picture": null,
          "post_description": "Test",
          "post_event": Object {
            "capacity": 1,
            "community": "University of Calgary",
            "location": "test",
            "planned_end_date": "2019-06-05T16:10:53-06:00",
            "planned_start_date": "2019-06-04T16:10:51-06:00",
            "post": 1,
          },
          "post_id": 1,
          "post_timestamp": "2019-06-17T15:43:48.090766-06:00",
          "post_title": "Post 1",
          "poster_name": "Willis",
          "tags": Array [
            "Interest 1",
          ],
          "user": "willisc92",
        }
      }
    />
  </div>
</div>
`;
