// Jest Snapshot v1, https://goo.gl/fbAQLP

exports[`Should render page correctly 1`] = `
<div>
  <div
    className="page-header"
  >
    <div
      className="content-container"
    >
      <h1
        className="page-header__title"
      >
        Edit Post
      </h1>
    </div>
  </div>
  <div
    className="content-container"
  >
    <Connect(PostForm)
      channel={1}
      onSubmit={[Function]}
      post={
        Object {
          "channel": 1,
          "cost": 0,
          "deleted_flag": false,
          "email": "willisc92@hotmail.com",
          "phone_number": "4034010115",
          "post_description": "Test",
          "post_event": null,
          "post_id": 1,
          "post_timestamp": "2019-06-04T23:23:53.199984-06:00",
          "post_title": "Post 1",
          "poster_name": "Willis",
          "tags": Array [
            "Interest 1",
          ],
          "user": "willisc92",
        }
      }
    />
  </div>
</div>
`;
