// Jest Snapshot v1, https://goo.gl/fbAQLP

exports[`Should render login form 1`] = `
<form
  className="form"
  onSubmit={[Function]}
>
  <input
    autoFocus={true}
    className="text-input"
    onChange={[Function]}
    placeholder="Username"
    type="text"
    value=""
  />
  <input
    className="text-input"
    onChange={[Function]}
    placeholder="Password"
    type="password"
    value=""
  />
  <div>
    <button
      className="button"
    >
      Login
    </button>
  </div>
</form>
`;
